// Jest Snapshot v1, https://goo.gl/fbAQLP

exports[`renders ExerciseDetail form snapshot 1`] = `
<div>
  Loading...
</div>
`;
